Case #1: 1
Case #2: 1.0000000
Case #3: -1.0
Case #4: -2.5
Case #5: -3.0000
