Case #1: 1
Case #2: 1.000000000001
Case #3: -0.9999999999999999
Case #4: -2.49999999999
Case #5: -3.00000000001
