B 
B 
void 
A 
Z 
Z 
void 
W 
Z 
P 
Z 
void 
B 
M 
I 
void 
U 
M 
A 
S 
U 
D 
Q 
T 
D 
L 
F 
L 
C 
R 
I 
E 
P 
V 
K 
Y 
F 
T 
Y 
I 
O 
U 
V 
K 
B 
R 
O 
S 
void 
M 
F 
T 
U 
N 
M 
N 
H 
H 
C 
J 
N 
H 
E 
Z 
K 
Y 
E 
O 
Q 
M 
A 
Z 
void 
N 
X 
R 
void 
V 
A 
I 
D 
O 
void 
W 
D 
void 
B 
void 
W 
A 
F 
K 
T 
H 
L 
N 
Q 
H 
V 
L 
A 
void 
B 
A 
void 
void 
void 
